core.editor=emas
merge.tool=vimdiff
core.repositoryformatversion=0
core.filemode=true
core.bare=false
core.logallrefupdates=true
user.name=ThaiSET
vothaiset@vt-Vostro-15-3568:~$ pwd
/home/vothaiset
vothaiset@vt-Vostro-15-3568:~$ ls -a}
ls: invalid option -- '}'
Try 'ls --help' for more information.
vothaiset@vt-Vostro-15-3568:~$ ls -ah
.              Documents         .ICEauthority     Public
..             Downloads         .local            snap
.bash_history  examples.desktop  .mozilla          .ssh
.bash_logout   .git              Music             .sudo_as_admin_successful
.bashrc        .gitconfig        .pam_environment  Templates
.cache         .gnome            Pictures          .thunderbird
.config        .gnupg            .pki              Videos
Desktop        Hello-World       .profile
vothaiset@vt-Vostro-15-3568:~$ gedit .gitconfig
vothaiset@vt-Vostro-15-3568:~$ clear

vothaiset@vt-Vostro-15-3568:~$ mkdir git_workspace
vothaiset@vt-Vostro-15-3568:~$ cd git_workspace/
vothaiset@vt-Vostro-15-3568:~/git_workspace$ git clone https://github.com/ThaiSET/Hello-World.git
Cloning into 'Hello-World'...
Username for 'https://github.com': ThaiSET
Password for 'https://ThaiSET@github.com': 
remote: Enumerating objects: 3, done.
remote: Counting objects: 100% (3/3), done.
remote: Total 3 (delta 0), reused 3 (delta 0), pack-reused 0
Unpacking objects: 100% (3/3), done.
vothaiset@vt-Vostro-15-3568:~/git_workspace$ ls
Hello-World
vothaiset@vt-Vostro-15-3568:~/git_workspace$ cd Hello-World
vothaiset@vt-Vostro-15-3568:~/git_workspace/Hello-World$ ls
README.md
vothaiset@vt-Vostro-15-3568:~/git_workspace/Hello-World$ touch HelloWorld.c
vothaiset@vt-Vostro-15-3568:~/git_workspace/Hello-World$ ls
HelloWorld.c  README.md
vothaiset@vt-Vostro-15-3568:~/git_workspace/Hello-World$ gedit 
vothaiset@vt-Vostro-15-3568:~/git_workspace/Hello-World$ gedit HelloWorld.c
vothaiset@vt-Vostro-15-3568:~/git_workspace/Hello-World$ git status
On branch master
Your branch is up to date with 'origin/master'.

Untracked files:
  (use "git add <file>..." to include in what will be committed)

	HelloWorld.c
	Untitled Document 1

nothing added to commit but untracked files present (use "git add" to track)
vothaiset@vt-Vostro-15-3568:~/git_workspace/Hello-World$ git add 
Nothing specified, nothing added.
Maybe you wanted to say 'git add .'?
vothaiset@vt-Vostro-15-3568:~/git_workspace/Hello-World$ git add HelloWorld.c
vothaiset@vt-Vostro-15-3568:~/git_workspace/Hello-World$ git status
On branch master
Your branch is up to date with 'origin/master'.

Changes to be committed:
  (use "git reset HEAD <file>..." to unstage)

	new file:   HelloWorld.c

Untracked files:
  (use "git add <file>..." to include in what will be committed)

vothaiset@vt-Vostro-15-3568:~/git_workspace/Hello-World$ git commit -m "first cm"
[master fe959de] first cm
 1 file changed, 1 insertion(+)
 create mode 100644 HelloWorld.c
vothaiset@vt-Vostro-15-3568:~/git_workspace/Hello-World$ git push
Username for 'https://github.com': r3 
Password for 'https://r3 @github.com': 
e
remote: Invalid username or password.
fatal: Authentication failed for 'https://github.com/ThaiSET/Hello-World.git/'
vothaiset@vt-Vostro-15-3568:~/git_workspace/Hello-World$ e
e: command not found
vothaiset@vt-Vostro-15-3568:~/git_workspace/Hello-World$ git push -u origin master
Username for 'https://github.com': ThaiSET
Password for 'https://ThaiSET@github.com': 
Counting objects: 3, done.
Delta compression using up to 4 threads.
Compressing objects: 100% (2/2), done.
Writing objects: 100% (3/3), 292 bytes | 292.00 KiB/s, done.
Total 3 (delta 0), reused 0 (delta 0)
To https://github.com/ThaiSET/Hello-World.git
   e58ebce..fe959de  master -> master
Branch 'master' set up to track remote branch 'master' from 'origin'.
vothaiset@vt-Vostro-15-3568:~/git_workspace/Hello-World$ 
vothaiset@vt-Vostro-15-3568:~/git_workspace/Hello-World$ help push
pushd: pushd [-n] [+N | -N | dir]
    Add directories to stack.
    
    Adds a directory to the top of the directory stack, or rotates
    the stack, making the new top of the stack the current working
    directory.  With no arguments, exchanges the top two directories.
    
    Options:
      -n	Suppresses the normal change of directory when adding
    		directories to the stack, so only the stack is manipulated.
    
    Arguments:
      +N	Rotates the stack so that the Nth directory (counting
    		from the left of the list shown by `dirs', starting with
    		zero) is at the top.
    
      -N	Rotates the stack so that the Nth directory (counting
    		from the right of the list shown by `dirs', starting with
    		zero) is at the top.
    
      dir	Adds DIR to the directory stack at the top, making it the
    		new current working directory.
    
    The `dirs' builtin displays the directory stack.
    
    Exit Status:
    Returns success unless an invalid argument is supplied or the directory
    change fails.
vothaiset@vt-Vostro-15-3568:~/git_workspace/Hello-World$ help git push
pushd: pushd [-n] [+N | -N | dir]
    Add directories to stack.
    
    Adds a directory to the top of the directory stack, or rotates
    the stack, making the new top of the stack the current working
    directory.  With no arguments, exchanges the top two directories.
    
    Options:
      -n	Suppresses the normal change of directory when adding
    		directories to the stack, so only the stack is manipulated.
    
    Arguments:
      +N	Rotates the stack so that the Nth directory (counting
    		from the left of the list shown by `dirs', starting with
    		zero) is at the top.
    
      -N	Rotates the stack so that the Nth directory (counting
    		from the right of the list shown by `dirs', starting with
    		zero) is at the top.
    
      dir	Adds DIR to the directory stack at the top, making it the
    		new current working directory.
    
    The `dirs' builtin displays the directory stack.
    
    Exit Status:
    Returns success unless an invalid argument is supplied or the directory
    change fails.
vothaiset@vt-Vostro-15-3568:~/git_workspace/Hello-World$ help git
bash: help: no help topics match `git'.  Try `help help' or `man -k git' or `info git'.
vothaiset@vt-Vostro-15-3568:~/git_workspace/Hello-World$ git diff
vothaiset@vt-Vostro-15-3568:~/git_workspace/Hello-World$ git add Untitled\ Document\ 1 Untitled Document 1
fatal: pathspec 'Untitled' did not match any files
vothaiset@vt-Vostro-15-3568:~/git_workspace/Hello-World$ git add Untitled Document 1
fatal: pathspec 'Untitled' did not match any files
vothaiset@vt-Vostro-15-3568:~/git_workspace/Hello-World$ git add Untitled Document 1
fatal: pathspec 'Untitled' did not match any files
vothaiset@vt-Vostro-15-3568:~/git_workspace/Hello-World$ ls
 HelloWorld.c   README.md  'Untitled Document 1'
vothaiset@vt-Vostro-15-3568:~/git_workspace/Hello-World$ git status
On branch master
Your branch is up to date with 'origin/master'.

Untracked files:
  (use "git add <file>..." to include in what will be committed)

	Untitled Document 1

nothing added to commit but untracked files present (use "git add" to track)
vothaiset@vt-Vostro-15-3568:~/git_workspace/Hello-World$ git add Untitled Document 1
fatal: pathspec 'Untitled' did not match any files
vothaiset@vt-Vostro-15-3568:~/git_workspace/Hello-World$ git add ' Untitled Document 1'
fatal: pathspec ' Untitled Document 1' did not match any files
vothaiset@vt-Vostro-15-3568:~/git_workspace/Hello-World$ git add 'Untitled Document 1'
vothaiset@vt-Vostro-15-3568:~/git_workspace/Hello-World$ git status
On branch master
Your branch is up to date with 'origin/master'.

Changes to be committed:
  (use "git reset HEAD <file>..." to unstage)

	new file:   Untitled Document 1

vothaiset@vt-Vostro-15-3568:~/git_workspace/Hello-World$ git commit
hint: Waiting for your editor to close the file... error: unable to start editor 'emas'
Please supply the message using either -m or -F option.
vothaiset@vt-Vostro-15-3568:~/git_workspace/Hello-World$ git commit -m "lan 2"
[master 605d834] lan 2
 1 file changed, 2 insertions(+)
 create mode 100644 Untitled Document 1
vothaiset@vt-Vostro-15-3568:~/git_workspace/Hello-World$ git push origin master
Username for 'https://github.com': ThaiSET
Password for 'https://ThaiSET@github.com': 
Counting objects: 3, done.
Delta compression using up to 4 threads.
Compressing objects: 100% (2/2), done.
Writing objects: 100% (3/3), 333 bytes | 333.00 KiB/s, done.
Total 3 (delta 0), reused 0 (delta 0)
To https://github.com/ThaiSET/Hello-World.git
   fe959de..605d834  master -> master
vothaiset@vt-Vostro-15-3568:~/git_workspace/Hello-World$ git push --help
vothaiset@vt-Vostro-15-3568:~/git_workspace/Hello-World$ 
vothaiset@vt-Vostro-15-3568:~/git_workspace/Hello-World$ git help
usage: git [--version] [--help] [-C <path>] [-c <name>=<value>]
           [--exec-path[=<path>]] [--html-path] [--man-path] [--info-path]
           [-p | --paginate | --no-pager] [--no-replace-objects] [--bare]
           [--git-dir=<path>] [--work-tree=<path>] [--namespace=<name>]
           <command> [<args>]

These are common Git commands used in various situations:

start a working area (see also: git help tutorial)
   clone      Clone a repository into a new directory
   init       Create an empty Git repository or reinitialize an existing one

work on the current change (see also: git help everyday)
   add        Add file contents to the index
   mv         Move or rename a file, a directory, or a symlink
   reset      Reset current HEAD to the specified state
   rm         Remove files from the working tree and from the index

examine the history and state (see also: git help revisions)
   bisect     Use binary search to find the commit that introduced a bug
   grep       Print lines matching a pattern
   log        Show commit logs
   show       Show various types of objects
   status     Show the working tree status

grow, mark and tweak your common history
   branch     List, create, or delete branches
   checkout   Switch branches or restore working tree files
   commit     Record changes to the repository
   diff       Show changes between commits, commit and working tree, etc
   merge      Join two or more development histories together
   rebase     Reapply commits on top of another base tip
   tag        Create, list, delete or verify a tag object signed with GPG

collaborate (see also: git help workflows)
   fetch      Download objects and refs from another repository
   pull       Fetch from and integrate with another repository or a local branch
   push       Update remote refs along with associated objects

'git help -a' and 'git help -g' list available subcommands and some
concept guides. See 'git help <command>' or 'git help <concept>'
to read about a specific subcommand or concept.
vothaiset@vt-Vostro-15-3568:~/git_workspace/Hello-World$ ^C
vothaiset@vt-Vostro-15-3568:~/git_workspace/Hello-World$ 



vothaiset@vt-Vostro-15-3568:~/git_workspace/Hello-World$ git clone https://github.com/ThaiSET/Hello-World
Cloning into 'Hello-World'...
Username for 'https://github.com': ThaiSET
Password for 'https://ThaiSET@github.com': 
remote: Enumerating objects: 9, done.
remote: Counting objects: 100% (9/9), done.
remote: Compressing objects: 100% (5/5), done.
remote: Total 9 (delta 1), reused 8 (delta 0), pack-reused 0
Unpacking objects: 100% (9/9), done.
vothaiset@vt-Vostro-15-3568:~/git_workspace/Hello-World$ git log
commit 605d834d381fc18c49b5cd735a4db5163370ff45 (HEAD -> master, origin/master, origin/HEAD)
Author: ThaiSET <vodinhthai98@gmail.com>
Date:   Mon Jun 17 22:50:16 2019 +0700

    lan 2

commit fe959de70da4def5daa52e80ab6023eb436d5d30
Author: ThaiSET <vodinhthai98@gmail.com>
Date:   Mon Jun 17 22:38:39 2019 +0700

    first cm

commit e58ebce018524419497a1b2cf3901fadfe83dfb2
Author: ThaiSET <vodinhthai98@gmail.com>
Date:   Mon Jun 17 18:00:12 2019 +0700

    first commit
vothaiset@vt-Vostro-15-3568:~/git_workspace/Hello-World$ git log -p
commit 605d834d381fc18c49b5cd735a4db5163370ff45 (HEAD -> master, origin/master, origin/HEAD)
Author: ThaiSET <vodinhthai98@gmail.com>
Date:   Mon Jun 17 22:50:16 2019 +0700

    lan 2

diff --git a/Untitled Document 1 b/Untitled Document 1
new file mode 100644
index 0000000..9801343
--- /dev/null
+++ b/Untitled Document 1       
@@ -0,0 +1,2 @@
+Hello World
+

commit fe959de70da4def5daa52e80ab6023eb436d5d30
Author: ThaiSET <vodinhthai98@gmail.com>
Date:   Mon Jun 17 22:38:39 2019 +0700

    first cm

diff --git a/HelloWorld.c b/HelloWorld.c
new file mode 100644
:...skipping...
commit 605d834d381fc18c49b5cd735a4db5163370ff45 (HEAD -> master, origin/master, origin/HEAD)
commit 605d834d381fc18c49b5cd735a4db5163370ff45 (HEAD -> master, origin/master, origin/HEAD)
Author: ThaiSET <vodinhthai98@gmail.com>
Date:   Mon Jun 17 22:50:16 2019 +0700

    lan 2

diff --git a/Untitled Document 1 b/Untitled Document 1
new file mode 100644
index 0000000..9801343
--- /dev/null
+++ b/Untitled Document 1       
@@ -0,0 +1,2 @@
+Hello World
+

commit fe959de70da4def5daa52e80ab6023eb436d5d30
Author: ThaiSET <vodinhthai98@gmail.com>
Date:   Mon Jun 17 22:38:39 2019 +0700

    first cm

diff --git a/HelloWorld.c b/HelloWorld.c
new file mode 100644
index 0000000..557db03
--- /dev/null
+++ b/HelloWorld.c
@@ -0,0 +1 @@
+Hello World

commit e58ebce018524419497a1b2cf3901fadfe83dfb2
Author: ThaiSET <vodinhthai98@gmail.com>
Date:   Mon Jun 17 18:00:12 2019 +0700

    first commit

diff --git a/README.md b/README.md
new file mode 100644
index 0000000..e69de29
...skipping...

                   SUMMARY OF LESS COMMANDS

      Commands marked with * may be preceded by a number, N.
      Notes in parentheses indicate the behavior if N is given.
      A key preceded by a caret indicates the Ctrl key; thus ^K is ctrl-K.

  h  H                 Display this help.
  q  :q  Q  :Q  ZZ     Exit.
 ---------------------------------------------------------------------------

                           MOVING

  e  ^E  j  ^N  CR  *  Forward  one line   (or N lines).
  y  ^Y  k  ^K  ^P  *  Backward one line   (or N lines).
  f  ^F  ^V  SPACE  *  Forward  one window (or N lines).
  b  ^B  ESC-v      *  Backward one window (or N lines).
  z                 *  Forward  one window (and set window to N).
  w                 *  Backward one window (and set window to N).
  ESC-SPACE         *  Forward  one window, but don't stop at end-of-file.
  d  ^D             *  Forward  one half-window (and set half-window to N).
  u  ^U             *  Backward one half-window (and set half-window to N).
  ESC-)  RightArrow *  Right one half screen width (or N positions).
  ESC-(  LeftArrow  *  Left  one half screen width (or N positions).
  ESC-}  ^RightArrow   Right to last column displayed.
  ESC-{  ^LeftArrow    Left  to first column.
  F                    Forward forever; like "tail -f".
  ESC-F                Like F but stop when search pattern is found.
  r  ^R  ^L            Repaint screen.
  R                    Repaint screen, discarding buffered input.
        ---------------------------------------------------
        Default "window" is the screen height.
        Default "half-window" is half of the screen height.
 ---------------------------------------------------------------------------

                          SEARCHING

HELP -- Press RETURN for more, or q when done...skipping...
Author: ThaiSET <vodinhthai98@gmail.com>
Date:   Mon Jun 17 22:50:16 2019 +0700

    lan 2

diff --git a/Untitled Document 1 b/Untitled Document 1
new file mode 100644
index 0000000..9801343
--- /dev/null
+++ b/Untitled Document 1       
@@ -0,0 +1,2 @@
+Hello World
+

commit fe959de70da4def5daa52e80ab6023eb436d5d30
Author: ThaiSET <vodinhthai98@gmail.com>
Date:   Mon Jun 17 22:38:39 2019 +0700

    first cm

diff --git a/HelloWorld.c b/HelloWorld.c
new file mode 100644
index 0000000..557db03
--- /dev/null
+++ b/HelloWorld.c
@@ -0,0 +1 @@
+Hello World

commit e58ebce018524419497a1b2cf3901fadfe83dfb2
Author: ThaiSET <vodinhthai98@gmail.com>
Date:   Mon Jun 17 18:00:12 2019 +0700

    first commit

diff --git a/README.md b/README.md
new file mode 100644
index 0000000..e69de29
vothaiset@vt-Vostro-15-3568:~/git_workspace/Hello-World$ git log --stat
commit 605d834d381fc18c49b5cd735a4db5163370ff45 (HEAD -> master, origin/master, origin/HEAD)
Author: ThaiSET <vodinhthai98@gmail.com>
Date:   Mon Jun 17 22:50:16 2019 +0700

    lan 2

 Untitled Document 1 | 2 ++
 1 file changed, 2 insertions(+)

commit fe959de70da4def5daa52e80ab6023eb436d5d30
Author: ThaiSET <vodinhthai98@gmail.com>
Date:   Mon Jun 17 22:38:39 2019 +0700

    first cm

 HelloWorld.c | 1 +
 1 file changed, 1 insertion(+)

commit e58ebce018524419497a1b2cf3901fadfe83dfb2
Author: ThaiSET <vodinhthai98@gmail.com>
Date:   Mon Jun 17 18:00:12 2019 +0700

    first commit

 README.md | 0
 1 file changed, 0 insertions(+), 0 deletions(-)
vothaiset@vt-Vostro-15-3568:~/git_workspace/Hello-World$ git commit --amend
hint: Waiting for your editor to close the file... error: unable to start editor 'emas'
Please supply the message using either -m or -F option.
vothaiset@vt-Vostro-15-3568:~/git_workspace/Hello-World$ git commit -m --amend "sua lan 1"
error: pathspec 'sua lan 1' did not match any file(s) known to git.
vothaiset@vt-Vostro-15-3568:~/git_workspace/Hello-World$ git commit -m 'initial commit'
On branch master
Your branch is up to date with 'origin/master'.

Untracked files:
	Hello-World/

nothing added to commit but untracked files present
vothaiset@vt-Vostro-15-3568:~/git_workspace/Hello-World$ $ git add forgotten_file
$: command not found
vothaiset@vt-Vostro-15-3568:~/git_workspace/Hello-World$ $ git commit --amend
$: command not found
vothaiset@vt-Vostro-15-3568:~/git_workspace/Hello-World$ git remote
origin
vothaiset@vt-Vostro-15-3568:~/git_workspace/Hello-World$ git remote -v
origin	https://github.com/ThaiSET/Hello-World.git (fetch)
origin	https://github.com/ThaiSET/Hello-World.git (push)
vothaiset@vt-Vostro-15-3568:~/git_workspace/Hello-World$ git remote add thai1 https://github.com/ThaiSET/Hello-World
vothaiset@vt-Vostro-15-3568:~/git_workspace/Hello-World$ git remote -v
origin	https://github.com/ThaiSET/Hello-World.git (fetch)
origin	https://github.com/ThaiSET/Hello-World.git (push)
thai1	https://github.com/ThaiSET/Hello-World (fetch)
thai1	https://github.com/ThaiSET/Hello-World (push)
vothaiset@vt-Vostro-15-3568:~/git_workspace/Hello-World$ git fetch thai1
Username for 'https://github.com': ThaiSET
Password for 'https://ThaiSET@github.com': 
From https://github.com/ThaiSET/Hello-World
 * [new branch]      master     -> thai1/master
vothaiset@vt-Vostro-15-3568:~/git_workspace/Hello-World$ git help
usage: git [--version] [--help] [-C <path>] [-c <name>=<value>]
           [--exec-path[=<path>]] [--html-path] [--man-path] [--info-path]
           [-p | --paginate | --no-pager] [--no-replace-objects] [--bare]
           [--git-dir=<path>] [--work-tree=<path>] [--namespace=<name>]
           <command> [<args>]

These are common Git commands used in various situations:

start a working area (see also: git help tutorial)
   clone      Clone a repository into a new directory
   init       Create an empty Git repository or reinitialize an existing one

work on the current change (see also: git help everyday)
   add        Add file contents to the index
   mv         Move or rename a file, a directory, or a symlink
   reset      Reset current HEAD to the specified state
   rm         Remove files from the working tree and from the index

examine the history and state (see also: git help revisions)
   bisect     Use binary search to find the commit that introduced a bug
   grep       Print lines matching a pattern
   log        Show commit logs
   show       Show various types of objects
   status     Show the working tree status

grow, mark and tweak your common history
   branch     List, create, or delete branches
   checkout   Switch branches or restore working tree files
   commit     Record changes to the repository
   diff       Show changes between commits, commit and working tree, etc
   merge      Join two or more development histories together
   rebase     Reapply commits on top of another base tip
   tag        Create, list, delete or verify a tag object signed with GPG

collaborate (see also: git help workflows)
   fetch      Download objects and refs from another repository
   pull       Fetch from and integrate with another repository or a local branch
   push       Update remote refs along with associated objects

'git help -a' and 'git help -g' list available subcommands and some
concept guides. See 'git help <command>' or 'git help <concept>'
to read about a specific subcommand or concept.
vothaiset@vt-Vostro-15-3568:~/git_workspace/Hello-World$ git remote show origin
Username for 'https://github.com': ThaiSET
Password for 'https://ThaiSET@github.com': 
* remote origin
  Fetch URL: https://github.com/ThaiSET/Hello-World.git
  Push  URL: https://github.com/ThaiSET/Hello-World.git
  HEAD branch: master
  Remote branch:
    master tracked
  Local branch configured for 'git pull':
    master merges with remote master
  Local ref configured for 'git push':
    master pushes to master (up to date)
vothaiset@vt-Vostro-15-3568:~/git_workspace/Hello-World$ ^C
vothaiset@vt-Vostro-15-3568:~/git_workspace/Hello-World$ git remote show thai1
Username for 'https://github.com': ThaiSET
Password for 'https://ThaiSET@github.com': 
* remote thai1
  Fetch URL: https://github.com/ThaiSET/Hello-World
  Push  URL: https://github.com/ThaiSET/Hello-World
  HEAD branch: master
  Remote branch:
    master tracked
  Local ref configured for 'git push':
    master pushes to master (up to date)
vothaiset@vt-Vostro-15-3568:~/git_workspace/Hello-World$ git remote show origin
Username for 'https://github.com': vothaibk 
Password for 'https://vothaibk @github.com': 
remote: Invalid username or password.
fatal: Authentication failed for 'https://github.com/ThaiSET/Hello-World.git/'
vothaiset@vt-Vostro-15-3568:~/git_workspace/Hello-World$ git config --global user.name "vothaibk"
vothaiset@vt-Vostro-15-3568:~/git_workspace/Hello-World$ git list
git: 'list' is not a git command. See 'git --help'.

The most similar commands are
	bisect
	rev-list
vothaiset@vt-Vostro-15-3568:~/git_workspace/Hello-World$ git config -list
error: did you mean `--list` (with two dashes ?)
vothaiset@vt-Vostro-15-3568:~/git_workspace/Hello-World$ git config --list
user.name=vothaibk
user.email=vodinhthai98@gmail.com
core.editor=emas
merge.tool=vimdiff
core.repositoryformatversion=0
core.filemode=true
core.bare=false
core.logallrefupdates=true
remote.origin.url=https://github.com/ThaiSET/Hello-World.git
remote.origin.fetch=+refs/heads/*:refs/remotes/origin/*
branch.master.remote=origin
branch.master.merge=refs/heads/master
remote.thai1.url=https://github.com/ThaiSET/Hello-World
remote.thai1.fetch=+refs/heads/*:refs/remotes/thai1/*
vothaiset@vt-Vostro-15-3568:~/git_workspace/Hello-World$ git tag
vothaiset@vt-Vostro-15-3568:~/git_workspace/Hello-World$ source ~/git-completion.bash
bash: /home/vothaiset/git-completion.bash: No such file or directory
vothaiset@vt-Vostro-15-3568:~/git_workspace/Hello-World$ git init
Reinitialized existing Git repository in /home/vothaiset/git_workspace/Hello-World/.git/
vothaiset@vt-Vostro-15-3568:~/git_workspace/Hello-World$ 

